*** Builder log created: {2026-07-20 16:03:49}
*** Builder log completed: {2026-07-20 16:04:16}
running
  '/Library/Frameworks/R.framework/Versions/4.4-arm64/Resources/bin/R --no-echo --no-restore --no-save --no-restore --file=source/analysis/event_study/estimate_resilience.R --args CL_IMPORTANCE_TYPE=important_degree_top3 CL_ROLLING_PERIOD=rolling5 CL_QUALIFIED_SAMPLE=exact2 CL_CONTROL_GROUP=nevertreated CL_OUTCOME_SAMPLE=opened_cohort'

── Attaching core tidyverse packages ──────────────────────── tidyverse 2.0.0 ──
✔ dplyr     1.2.0     ✔ readr     2.2.0
✔ forcats   1.0.1     ✔ stringr   1.5.1
✔ ggplot2   4.0.2     ✔ tibble    3.3.1
✔ lubridate 1.9.5     ✔ tidyr     1.3.1
✔ purrr     1.0.2     
── Conflicts ────────────────────────────────────────── tidyverse_conflicts() ──
✖ dplyr::filter() masks stats::filter()
✖ dplyr::lag()    masks stats::lag()
ℹ Use the conflicted package (<http://conflicted.r-lib.org/>) to force all conflicts to become errors
Warning messages:
1: package ‘ggplot2’ was built under R version 4.4.3 
2: package ‘tibble’ was built under R version 4.4.3 
3: package ‘readr’ was built under R version 4.4.3 
4: package ‘dplyr’ was built under R version 4.4.3 
5: package ‘lubridate’ was built under R version 4.4.3 

Attaching package: ‘arrow’

The following object is masked from ‘package:lubridate’:

    duration

The following object is masked from ‘package:utils’:

    timestamp

Warning message:
package ‘fs’ was built under R version 4.4.3 

Attaching package: ‘jsonlite’

The following object is masked from ‘package:purrr’:

    flatten

Warning messages:
1: package ‘broom’ was built under R version 4.4.3 
2: package ‘fixest’ was built under R version 4.4.3 
The degrees of freedom for the t distribution could not be deduced. Using a
Normal distribution instead.
Note that you can provide the argument `df.t` directly.
NOTE: 1,526 observations removed because of NA values (LHS: 1,526).
The degrees of freedom for the t distribution could not be deduced. Using a
Normal distribution instead.
Note that you can provide the argument `df.t` directly.
NOTE: 1,526 observations removed because of NA values (LHS: 1,526).
NOTE: 1,526 observations removed because of NA values (LHS: 1,526).
NOTES: 2,422 observations removed because of NA values (LHS: 2,422).
       4/0 fixed-effect singletons were removed (4 observations).
The degrees of freedom for the t distribution could not be deduced. Using a
Normal distribution instead.
Note that you can provide the argument `df.t` directly.
The degrees of freedom for the t distribution could not be deduced. Using a
Normal distribution instead.
Note that you can provide the argument `df.t` directly.
The degrees of freedom for the t distribution could not be deduced. Using a
Normal distribution instead.
Note that you can provide the argument `df.t` directly.
The degrees of freedom for the t distribution could not be deduced. Using a
Normal distribution instead.
Note that you can provide the argument `df.t` directly.
The degrees of freedom for the t distribution could not be deduced. Using a
Normal distribution instead.
Note that you can provide the argument `df.t` directly.
The degrees of freedom for the t distribution could not be deduced. Using a
Normal distribution instead.
Note that you can provide the argument `df.t` directly.
NOTE: 910 observations removed because of NA values (LHS: 910).
NOTE: 583 observations removed because of NA values (LHS: 583).
NOTE: 761 observations removed because of NA values (LHS: 761).
NOTE: 752 observations removed because of NA values (LHS: 752).
NOTE: 736 observations removed because of NA values (LHS: 736).
NOTE: 790 observations removed because of NA values (LHS: 790).
NOTE: 1,042 observations removed because of NA values (LHS: 1,042).
NOTE: 479 observations removed because of NA values (LHS: 479).
NOTE: 1,009 observations removed because of NA values (LHS: 1,009).
NOTE: 517 observations removed because of NA values (LHS: 517).
The degrees of freedom for the t distribution could not be deduced. Using a
Normal distribution instead.
Note that you can provide the argument `df.t` directly.
NOTE: 910 observations removed because of NA values (LHS: 910).
NOTE: 583 observations removed because of NA values (LHS: 583).
NOTE: 761 observations removed because of NA values (LHS: 761).
NOTE: 752 observations removed because of NA values (LHS: 752).
NOTE: 736 observations removed because of NA values (LHS: 736).
NOTE: 790 observations removed because of NA values (LHS: 790).
NOTE: 1,042 observations removed because of NA values (LHS: 1,042).
NOTE: 479 observations removed because of NA values (LHS: 479).
NOTE: 1,009 observations removed because of NA values (LHS: 1,009).
NOTE: 517 observations removed because of NA values (LHS: 517).
The degrees of freedom for the t distribution could not be deduced. Using a
Normal distribution instead.
Note that you can provide the argument `df.t` directly.
NOTE: 910 observations removed because of NA values (LHS: 910).
NOTE: 583 observations removed because of NA values (LHS: 583).
NOTE: 761 observations removed because of NA values (LHS: 761).
NOTE: 752 observations removed because of NA values (LHS: 752).
NOTE: 736 observations removed because of NA values (LHS: 736).
NOTE: 790 observations removed because of NA values (LHS: 790).
NOTE: 1,042 observations removed because of NA values (LHS: 1,042).
NOTE: 479 observations removed because of NA values (LHS: 479).
NOTE: 1,009 observations removed because of NA values (LHS: 1,009).
NOTE: 517 observations removed because of NA values (LHS: 517).
The degrees of freedom for the t distribution could not be deduced. Using a
Normal distribution instead.
Note that you can provide the argument `df.t` directly.
NOTES: 1,490 observations removed because of NA values (LHS: 1,490).
       4/0 fixed-effect singletons were removed (4 observations).
NOTE: 880 observations removed because of NA values (LHS: 880).
NOTES: 1,172 observations removed because of NA values (LHS: 1,172).
       1/0 fixed-effect singleton was removed (1 observation).
NOTES: 1,229 observations removed because of NA values (LHS: 1,229).
       3/0 fixed-effect singletons were removed (3 observations).
NOTE: 1,214 observations removed because of NA values (LHS: 1,214).
NOTES: 1,208 observations removed because of NA values (LHS: 1,208).
       4/0 fixed-effect singletons were removed (4 observations).
NOTES: 1,591 observations removed because of NA values (LHS: 1,591).
       4/0 fixed-effect singletons were removed (4 observations).
NOTE: 823 observations removed because of NA values (LHS: 823).
NOTES: 1,521 observations removed because of NA values (LHS: 1,521).
       3/0 fixed-effect singletons were removed (3 observations).
NOTES: 901 observations removed because of NA values (LHS: 901).
       1/0 fixed-effect singleton was removed (1 observation).
The degrees of freedom for the t distribution could not be deduced. Using a
Normal distribution instead.
Note that you can provide the argument `df.t` directly.
[1] "File 'output/analysis/event_study/opened_cohort/important_degree_top3/rolling5/exact2/nevertreated/estimates.csv' saved successfully."
There were 50 or more warnings (use warnings() to see the first 50)
