File: output/derived/analysis_panel/opened_cohort/important_degree_top3/rolling5/exact1/nevertreated/panel.parquet

MD5 hash: ab78fb1f754281f8e4a1181473152446

Keys: repo_name time_index 

                                                                       type  count unique                           mean                  min                  25%                  50%                  75%                  max             std
repo_name                                                            object   9646    563                                                                                                                                                        
time_index                                                            int64   9646                              12.64379                  1.0                  9.0                 13.0                 17.0                 21.0        5.401035
time_period                                                  datetime64[ns]   9646         2020-10-26 21:51:54.824797952  2015-01-01 00:00:00  2019-01-01 00:00:00  2021-01-01 00:00:00  2023-01-01 00:00:00  2025-01-01 00:00:00                
issue_closed                                                        float64   9646                              12.59745                  0.0                  0.0                  3.0                  9.0               1349.0       41.549748
issue_opened                                                        float64   9646                             16.457081                  0.0                  1.0                  4.0                 12.0               1477.0       48.962134
pull_request_closed                                                 float64   9646                              3.659341                  0.0                  0.0                  0.0                  2.0                408.0       13.673345
num_downloads                                                       float64   9646                       10230986.238441                  0.0              7516.75              61454.0            523075.25         2895889072.0  84145862.23814
overall_new_release_count                                           float64   9646                              3.351441                  0.0                  0.0                  0.0                  2.0                309.0       15.305036
major_new_release_count                                             float64   9646                              0.068111                  0.0                  0.0                  0.0                  0.0                 38.0        0.607901
minor_new_release_count                                             float64   9646                              0.544993                  0.0                  0.0                  0.0                  0.0                 34.0        1.755801
patch_new_release_count                                             float64   9646                              1.607091                  0.0                  0.0                  0.0                  1.0                309.0         9.17158
other_new_release_count                                             float64   9646                              1.131246                  0.0                  0.0                  0.0                  0.0                233.0       10.836529
major_minor_release_count                                           float64   9646                              0.613104                  0.0                  0.0                  0.0                  1.0                 58.0        2.006576
major_minor_patch_release_count                                     float64   9646                              2.220195                  0.0                  0.0                  0.0                  2.0                309.0        9.782001
avg_members_per_problem                                             float64   9061                              1.899932                  1.0             1.666667              1.90991             2.118421             5.333333        0.372214
pct_members_multiple                                                float64   9061                              0.640806                  0.0             0.507246             0.666667             0.798077                  1.0        0.213777
proj_hhi_issue_opened                                               float64   8836                              0.322452             0.002894             0.128006                 0.25             0.451342                  1.0         0.25513
proj_hhi_discussion_comment                                         float64   8995                              0.333265             0.015354             0.221707             0.310197             0.404358                  1.0        0.166798
proj_hhi_issue_closed                                               float64   8561                              0.672341             0.038715                  0.5             0.666667             0.849795                  1.0        0.228817
proj_hhi_issue_comment                                              float64   8720                              0.357447             0.008558             0.227255             0.327372              0.44395                  1.0        0.193674
proj_hhi_pull_request_closed                                        float64   7534                              0.748977             0.078357             0.555556                 0.75                  1.0                  1.0        0.246918
proj_hhi_pull_request_comment                                       float64   8642                              0.470067             0.075804             0.315845             0.428307             0.563564                  1.0        0.218323
proj_hhi_pull_request_merged                                        float64   8531                              0.864982             0.122056              0.75799                  1.0                  1.0                  1.0        0.209789
proj_hhi_pull_request_opened                                        float64   8898                              0.487832             0.017452             0.287503                 0.45             0.664153                  1.0        0.254142
proj_prob_hhi_discussion_comment                                    float64   8995                               0.57715             0.210825             0.502972             0.557891             0.623843                  1.0        0.118186
proj_prob_hhi_issue_comment                                         float64   8720                              0.576005             0.164021             0.495197             0.551874             0.626667                  1.0         0.13303
proj_prob_hhi_pull_request_comment                                  float64   8642                              0.654383             0.138824             0.538472             0.622746             0.734976                  1.0        0.161997
num_active_members                                                    Int64   9061                             25.030129                  1.0                  5.0                 10.0                 21.0               1794.0       69.821049
share_issue_only                                                    float64   8671                              0.614535             0.018868             0.484848             0.647059             0.770193                  1.0        0.210582
share_issue_and_pr                                                  float64   8518                              0.189561             0.002688             0.098592             0.155448                 0.25                  1.0        0.136477
share_pr_only                                                       float64   8595                              0.246386             0.006803             0.113924             0.190476             0.310345                  1.0        0.199694
avg_unique_types                                                    float64   9061                              2.093375                  1.0             1.708333             1.967742             2.333333                  7.5        0.603688
response_rate                                                       float64   8692                              0.673048                  0.0              0.61039             0.691358             0.752688                  1.0        0.124476
mean_days_to_respond                                                float64   8683                             54.807379             0.000023            17.366814            36.329182            68.098659          1420.018669       68.567297
pos_sentiment_avg                                                   float64   9022                              0.117232                  0.0             0.095372             0.115676             0.138426                0.571        0.039625
neg_sentiment_avg                                                   float64   9022                              0.053699                  0.0             0.034863             0.043973             0.058763                0.524        0.043393
ov_sentiment_avg                                                    float64   9022                              0.091227               -0.296             0.064544             0.094215              0.12332               0.8519        0.059402
response_rate_pull_request_comment                                  float64   8198                              0.504644                  0.0             0.388889             0.551724             0.666667                  1.0        0.225485
response_rate_pull_request_opened                                   float64   8352                              0.852097                  0.0                  0.8             0.976744                  1.0                  1.0        0.230689
mean_days_to_respond_pull_request_opened                            float64   8234                              32.99985             0.000023             0.968981             6.620405            30.820715          1044.603981       76.905297
mean_days_to_respond_to_last_comment                                float64   8683                            101.419957             0.000023             29.60009            70.303432           133.482872          1476.257222      113.069217
issue_opened_pos_sentiment_avg                                      float64   8783                              0.080819                  0.0             0.059118              0.07676             0.096764                0.571        0.040016
issue_opened_neg_sentiment_avg                                      float64   8783                               0.03279                  0.0             0.021638             0.030276             0.040131                  0.5        0.021194
issue_opened_ov_sentiment_avg                                       float64   8783                              0.073926              -0.6705             0.033256             0.071107             0.109378                0.873        0.082456
issue_comment_pos_sentiment_avg                                     float64   8689                              0.125059                  0.0             0.100185             0.121432             0.147276                0.796        0.051888
issue_comment_neg_sentiment_avg                                     float64   8689                              0.032248                  0.0             0.022864             0.030992             0.039319                0.315        0.019142
issue_comment_ov_sentiment_avg                                      float64   8689                              0.116888              -0.6437             0.081344             0.115402             0.150739               0.6597        0.069058
pull_request_comment_pos_sentiment_avg                              float64   8552                              0.198646                  0.0             0.121224             0.171554             0.240675                  1.0        0.134498
pull_request_comment_neg_sentiment_avg                              float64   8552                               0.03137                  0.0             0.015629             0.027785             0.039992                0.815        0.033519
pull_request_comment_ov_sentiment_avg                               float64   8552                              0.160361               -0.802             0.103602             0.151892             0.209075               0.7906        0.107406
pull_request_opened_pos_sentiment_avg                               float64   8851                              0.048111                  0.0             0.025961             0.043112             0.061079                 0.63        0.036961
pull_request_opened_neg_sentiment_avg                               float64   8851                              0.145298                  0.0             0.071821             0.122663             0.193991                  1.0        0.110618
pull_request_opened_ov_sentiment_avg                                float64   8851                             -0.024693              -0.4981            -0.079631            -0.019323             0.029009              0.64105        0.099773
pct_merged_with_approved                                            float64   4769                              0.294919                  0.0                  0.0                 0.16             0.533333                  1.0        0.329968
pct_merged_with_review                                              float64   4769                              0.333605                  0.0                  0.0                 0.25             0.588235                  1.0        0.328615
avg_all_disc_count                                                  float64   8689                              3.746319                  1.0                  2.0             3.117647             4.633476            64.333333         2.74859
avg_pull_request_comment_count                                      float64   8642                              2.324458             0.029412             1.428571               2.0482             2.930599                 17.0        1.302709
avg_all_disc_exclude_opener_count                                   float64   8594                              2.724488                  1.0                  1.6             2.280244              3.26087            40.666667        1.854787
avg_pull_request_comment_exclude_opener_count                       float64   8487                              1.675782             0.020408             1.055556                  1.5                  2.0                 19.5        0.948388
clustering_coefficient                                              float64   9379                              0.029498                  0.0             0.003553             0.017764              0.03642                  1.0        0.045062
has_good_first_issue                                                 object   9373      2                                                                                                                                                        
pct_good_first_issue                                                float64   8440                              0.005162                  0.0                  0.0                  0.0                  0.0                  0.5        0.022191
pull_request_merged_rate_weighted                                   float64   8438                               0.01631                  0.0                  0.0                  0.0             0.002528                  1.0        0.070258
pull_request_review_rate_weighted                                   float64   5224                              0.012947                  0.0                  0.0                  0.0             0.005755             0.615385        0.041288
any_activity_rate_weighted                                          float64   8437                              0.017746                  0.0                  0.0                  0.0             0.006173                  1.0        0.070293
has_contributing_guide                                              float64   9588                              0.305799                  0.0                  0.0                  0.0                  1.0                  1.0        0.460769
has_code_of_conduct                                                 float64   9588                              0.156758                  0.0                  0.0                  0.0                  0.0                  1.0        0.363592
mean_has_reviewer                                                   float64   8901                              0.071298                  0.0                  0.0                  0.0             0.058824                  1.0        0.158367
mean_has_tag                                                        float64   9061                              0.154632                  0.0                  0.0             0.090909             0.230769                  1.0        0.184739
mean_has_assignee                                                   float64   9061                              0.059073                  0.0                  0.0                  0.0             0.054127                  1.0        0.128728
has_codeowners                                                      float64   8416                              0.055727                  0.0                  0.0                  0.0                  0.0                  1.0        0.229408
has_issue_template                                                  float64   9204                              0.198609                  0.0                  0.0                  0.0                  0.0                  1.0        0.398975
has_pr_template                                                     float64   9204                              0.087462                  0.0                  0.0                  0.0                  0.0                  1.0        0.282526
issue_template_count                                                float64   9308                              0.444558                  0.0                  0.0                  0.0                  0.0                 13.0        1.105707
mode                                                                 object   8422      1                                                                                                                                                        
consecutive_req                                                     float64   8422                                   3.0                  3.0                  3.0                  3.0                  3.0                  3.0             0.0
centrality_col                                                       object   8422      1                                                                                                                                                        
num_important                                                       float64   9646                              3.812565                  0.0                  3.0                  3.0                  5.0                 41.0        3.314782
important_actors                                                     object   9646   7249                                                                                                                                                        
num_important_qualified                                             float64   9646                              0.670019                  0.0                  0.0                  1.0                  1.0                  4.0         0.73586
important_qualified_actors                                           object   9646   1446                                                                                                                                                        
num_dropouts                                                        float64   9646                              0.014721                  0.0                  0.0                  0.0                  0.0                  1.0        0.120441
dropouts_actors                                                      object   9646    127                                                                                                                                                        
z_thresh                                                            float64      0                                                                                                                                                               
top_k                                                               float64   8422                                   3.0                  3.0                  3.0                  3.0                  3.0                  3.0             0.0
proj_hhi_pull_request_review                                        float64   4024                              0.577425              0.08338             0.373181             0.515152              0.77068                  1.0         0.26741
proj_prob_hhi_pull_request_review                                   float64   4024                              0.746184                 0.25             0.595052             0.708634                  1.0                  1.0         0.18382
avg_members_per_problem_imp                                         float64   7556                               1.52713                  1.0             1.312018             1.493146             1.688365                  5.0        0.300014
pct_members_multiple_imp                                            float64   7556                              0.419696                  0.0             0.257143             0.394967                 0.55                  1.0        0.215334
proj_hhi_discussion_comment_imp                                     float64   7555                              0.475924             0.119597             0.395015             0.456037             0.536643                  1.0        0.120422
proj_hhi_issue_comment_imp                                          float64   7376                              0.534788             0.135256             0.429249             0.509861             0.618174                  1.0         0.15241
proj_hhi_issue_opened_imp                                           float64   7234                              0.607839             0.068983             0.444444             0.583333                 0.75                  1.0        0.226623
proj_hhi_pull_request_closed_imp                                    float64   6131                              0.873422             0.306122                 0.75                  1.0                  1.0                  1.0        0.168912
proj_hhi_pull_request_comment_imp                                   float64   7305                              0.593712             0.166667             0.450739             0.544329                  0.7                  1.0        0.187194
proj_hhi_pull_request_opened_imp                                    float64   7251                              0.703313             0.140496             0.548906             0.685535             0.857143                  1.0         0.19561
proj_hhi_issue_closed_imp                                           float64   7225                              0.827663                 0.28             0.708333             0.860043                  1.0                  1.0        0.163222
proj_hhi_pull_request_merged_imp                                    float64   7230                              0.898743             0.260404             0.816388                  1.0                  1.0                  1.0         0.16114
proj_prob_hhi_discussion_comment_imp                                float64   7555                              0.691296             0.233333             0.619048             0.689015             0.762286                  1.0        0.106592
proj_prob_hhi_issue_comment_imp                                     float64   7376                              0.716398             0.181818                0.625             0.713959             0.805025                  1.0        0.130293
proj_prob_hhi_pull_request_comment_imp                              float64   7305                              0.742577                 0.25             0.633333             0.734652             0.846154                  1.0        0.150195
num_active_members_imp                                                Int64   7556                              4.523028                  1.0                  3.0                  4.0                  5.0                 36.0        2.490458
share_issue_and_pr_imp                                              float64   7250                              0.388713             0.021277             0.181818             0.315789             0.545455                  1.0        0.265828
share_issue_only_imp                                                float64   6199                              0.537465             0.033333             0.333333             0.555556             0.722222                  1.0        0.235038
share_pr_only_imp                                                   float64   5464                              0.257336             0.014286             0.111111                  0.2             0.333333                  1.0        0.204914
avg_unique_types_imp                                                float64   7556                              3.092974                  1.0             2.037037               2.5625                3.625                  9.0        1.559623
response_rate_issue_comment                                         float64   8383                              0.635038                  0.0             0.564404             0.666667                 0.75                  1.0        0.176446
response_rate_issue_opened                                          float64   8424                              0.999514             0.666667                  1.0                  1.0                  1.0                  1.0        0.010486
mean_days_to_respond_issue_comment                                  float64   8187                              70.68621             0.000903            21.244987            48.068491            88.425384          1508.982488       91.207526
mean_days_to_respond_issue_opened                                   float64   8424                             77.367555             0.000336            11.134164            37.416095            94.232311          2417.561458      137.158385
mean_days_to_respond_pull_request_comment                           float64   7470                             32.255675             0.000012             1.703507             9.369137            30.998625          1686.358704       79.236681
avg_pull_request_review_count                                       float64   4024                               1.04361             0.003947                  0.3                 0.75                1.375            14.989474        1.137849
avg_pull_request_review_exclude_opener_count                        float64   3972                              0.850298             0.002618             0.285714             0.666667             1.176471            10.258427        0.789339
response_rate_imp                                                   float64   7555                              0.632541                  0.0                 0.56             0.647059             0.718049                  1.0        0.129208
mean_days_to_respond_imp                                            float64   7544                             40.259077             0.000023             12.65251            27.574765            51.686222           547.927436       45.417834
pos_sentiment_avg_imp                                               float64   9022                              0.117232                  0.0             0.095372             0.115676             0.138426                0.571        0.039625
neg_sentiment_avg_imp                                               float64   9022                              0.053699                  0.0             0.034863             0.043973             0.058763                0.524        0.043393
ov_sentiment_avg_imp                                                float64   9022                              0.091227               -0.296             0.064544             0.094215              0.12332               0.8519        0.059402
response_rate_issue_comment_imp                                     float64   7366                              0.639937                  0.0              0.56984             0.666667             0.746667                  1.0         0.16814
response_rate_issue_opened_imp                                      float64   7094                              0.999298                  0.6                  1.0                  1.0                  1.0                  1.0        0.013639
response_rate_pull_request_comment_imp                              float64   7231                              0.502529                  0.0             0.378378             0.538462             0.666667                  1.0        0.221814
response_rate_pull_request_opened_imp                               float64   7079                              0.841597                  0.0                 0.75                  1.0                  1.0                  1.0        0.249317
mean_days_to_respond_issue_comment_imp                              float64   7235                             59.673976             0.001759            17.484154            39.159026            73.917339          1249.456892       78.125047
mean_days_to_respond_issue_opened_imp                               float64   7094                             50.617017             0.000336             2.195682            13.760393             54.31349          1442.936991      100.413647
mean_days_to_respond_pull_request_comment_imp                       float64   6680                             28.238948             0.000012             1.296696             7.282743            27.449967          1382.220174       67.823057
mean_days_to_respond_pull_request_opened_imp                        float64   6968                             19.267908             0.000023             0.378309             2.501158            13.216938          1702.092269       56.054185
mean_days_to_respond_to_last_comment_imp                            float64   7544                             70.636698             0.000023             18.37895            46.778528            93.140914          1136.090469       82.390194
pull_request_opened_pos_sentiment_avg_imp                           float64   8851                              0.048111                  0.0             0.025961             0.043112             0.061079                 0.63        0.036961
pull_request_opened_neg_sentiment_avg_imp                           float64   8851                              0.145298                  0.0             0.071821             0.122663             0.193991                  1.0        0.110618
pull_request_opened_ov_sentiment_avg_imp                            float64   8851                             -0.024693              -0.4981            -0.079631            -0.019323             0.029009              0.64105        0.099773
issue_comment_pos_sentiment_avg_imp                                 float64   8689                              0.125059                  0.0             0.100185             0.121432             0.147276                0.796        0.051888
issue_comment_neg_sentiment_avg_imp                                 float64   8689                              0.032248                  0.0             0.022864             0.030992             0.039319                0.315        0.019142
issue_comment_ov_sentiment_avg_imp                                  float64   8689                              0.116888              -0.6437             0.081344             0.115402             0.150739               0.6597        0.069058
issue_opened_pos_sentiment_avg_imp                                  float64   8783                              0.080819                  0.0             0.059118              0.07676             0.096764                0.571        0.040016
issue_opened_neg_sentiment_avg_imp                                  float64   8783                               0.03279                  0.0             0.021638             0.030276             0.040131                  0.5        0.021194
issue_opened_ov_sentiment_avg_imp                                   float64   8783                              0.073926              -0.6705             0.033256             0.071107             0.109378                0.873        0.082456
pull_request_comment_pos_sentiment_avg_imp                          float64   8552                              0.198646                  0.0             0.121224             0.171554             0.240675                  1.0        0.134498
pull_request_comment_neg_sentiment_avg_imp                          float64   8552                               0.03137                  0.0             0.015629             0.027785             0.039992                0.815        0.033519
pull_request_comment_ov_sentiment_avg_imp                           float64   8552                              0.160361               -0.802             0.103602             0.151892             0.209075               0.7906        0.107406
pct_merged_with_approved_imp                                        float64   3904                              0.260434                  0.0                  0.0             0.142857             0.461538                  1.0        0.294947
pct_merged_with_review_imp                                          float64   3904                              0.297723                  0.0                  0.0             0.218416                  0.5                  1.0         0.29552
avg_pull_request_comment_count_imp                                  float64   7305                              2.023356             0.029412             1.294737             1.807692                  2.5                 14.5        1.108882
avg_all_disc_count_imp                                              float64   7345                              3.305775                  1.0                 1.92             2.782609                  4.0                 30.0        2.312061
avg_pull_request_comment_exclude_opener_count_imp                   float64   7266                              1.576428             0.020833             1.044467             1.466667               1.9375                 13.0        0.809214
avg_all_disc_exclude_opener_count_imp                               float64   7331                              2.581339                  1.0                  1.6             2.189655             3.046512            24.588235         1.62814
clustering_coefficient_imp                                          float64   9017                              0.082085                  0.0                  0.0             0.047395             0.111993                  1.0        0.112305
has_good_first_issue_imp                                             object   8072      2                                                                                                                                                        
pct_good_first_issue_imp                                            float64   8440                              0.005162                  0.0                  0.0                  0.0                  0.0                  0.5        0.022191
pull_request_merged_rate_weighted_imp                               float64   6855                              0.025372                  0.0                  0.0                  0.0                  0.0                  1.0        0.091024
pull_request_review_rate_weighted_imp                               float64   4122                              0.044705                  0.0                  0.0                  0.0             0.021739                  1.0         0.12878
any_activity_rate_weighted_imp                                      float64   6812                              0.027324                  0.0                  0.0                  0.0                  0.0                  1.0        0.095563
has_contributing_guide_imp                                          float64   8731                              0.309243                  0.0                  0.0                  0.0                  1.0                  1.0        0.462208
has_code_of_conduct_imp                                             float64   8731                              0.155194                  0.0                  0.0                  0.0                  0.0                  1.0         0.36211
proj_hhi_pull_request_review_comment                                float64   6188                              0.546172             0.087043             0.387842                  0.5             0.634042                  1.0        0.233433
proj_prob_hhi_pull_request_review_comment                           float64   6188                               0.65204             0.183823              0.52381             0.591649             0.727244                  1.0        0.177123
proj_hhi_pull_request_review_comment_imp                            float64   5424                               0.69413                 0.25             0.514121             0.631267                  1.0                  1.0        0.211398
proj_hhi_pull_request_review_imp                                    float64   3315                              0.700791                 0.25             0.512613             0.653846                  1.0                  1.0        0.220818
proj_prob_hhi_pull_request_review_comment_imp                       float64   5424                              0.775755             0.314879             0.633617             0.761353                  1.0                  1.0        0.176523
proj_prob_hhi_pull_request_review_imp                               float64   3315                               0.83063             0.313725             0.707627             0.850309                  1.0                  1.0         0.16005
response_rate_pull_request_review_comment                           float64   5999                              0.266384                  0.0             0.142857             0.282511             0.385877                  1.0        0.180574
mean_days_to_respond_pull_request_review_comment                    float64   4815                              6.807829             0.000648             0.214238             0.684324             2.159262           855.172998       40.879384
pull_request_review_comment_pos_sentiment_avg                       float64   6124                              0.109469                  0.0             0.069812             0.100761             0.133217                  1.0         0.07919
pull_request_review_comment_neg_sentiment_avg                       float64   6124                              0.038102                  0.0             0.016642               0.0318             0.046423             0.666667        0.044475
pull_request_review_comment_ov_sentiment_avg                        float64   6124                              0.083743               -0.765               0.0386             0.080692             0.122168               0.7964        0.111063
avg_pull_request_review_comment_count                               float64   6188                              1.335539             0.007353             0.333333             0.784169             1.700046            47.666667          1.8643
avg_pull_request_review_comment_exclude_opener_count                float64   5997                              0.969569             0.006085                 0.25             0.578947             1.205128                 32.0        1.344948
response_rate_pull_request_review_comment_imp                       float64   5395                              0.271232                  0.0             0.130435             0.278481             0.396689                  1.0        0.195255
mean_days_to_respond_pull_request_review_comment_imp                float64   4306                              6.015106             0.000648             0.200633             0.616323             1.887828           855.172998       37.348532
pull_request_review_comment_pos_sentiment_avg_imp                   float64   6124                              0.109469                  0.0             0.069812             0.100761             0.133217                  1.0         0.07919
pull_request_review_comment_neg_sentiment_avg_imp                   float64   6124                              0.038102                  0.0             0.016642               0.0318             0.046423             0.666667        0.044475
pull_request_review_comment_ov_sentiment_avg_imp                    float64   6124                              0.083743               -0.765               0.0386             0.080692             0.122168               0.7964        0.111063
avg_pull_request_review_comment_count_imp                           float64   5424                              1.178489              0.00813             0.291566             0.692308                  1.5                 27.0        1.643337
avg_pull_request_review_count_imp                                   float64   3315                              0.937611             0.004695                  0.3             0.721763                 1.25                 12.8        0.977104
avg_pull_request_review_comment_exclude_opener_count_imp            float64   5268                              0.926542             0.006186             0.232558             0.538462             1.166667            21.352941         1.27654
avg_pull_request_review_exclude_opener_count_imp                    float64   3274                              0.790609              0.00271             0.263158             0.636364             1.117647                7.625        0.705335
pull_request_review_commented_pos_sentiment_avg                     float64   1954                              0.172019                  0.0                0.068             0.160838             0.242981                0.875        0.137744
pull_request_review_commented_neg_sentiment_avg                     float64   1954                              0.023738                  0.0                  0.0             0.006817             0.029892               0.5965        0.042043
pull_request_review_commented_ov_sentiment_avg                      float64   1954                              0.178798              -0.5664             0.056771             0.169917             0.274764                0.891        0.175432
pull_request_review_commented_pos_sentiment_avg_imp                 float64   1954                              0.172019                  0.0                0.068             0.160838             0.242981                0.875        0.137744
pull_request_review_commented_neg_sentiment_avg_imp                 float64   1954                              0.023738                  0.0                  0.0             0.006817             0.029892               0.5965        0.042043
pull_request_review_commented_ov_sentiment_avg_imp                  float64   1954                              0.178798              -0.5664             0.056771             0.169917             0.274764                0.891        0.175432
pull_request_review_approved_pos_sentiment_avg                      float64   2460                              0.326709                  0.0             0.165835             0.303305             0.454135                  1.0        0.225304
pull_request_review_approved_neg_sentiment_avg                      float64   2460                              0.012958                  0.0                  0.0                  0.0             0.014524               0.3715        0.032363
pull_request_review_approved_ov_sentiment_avg                       float64   2460                              0.272853              -0.5106             0.158127             0.274971             0.395275               0.7906        0.179646
pull_request_review_changes_requested_pos_sentiment_avg             float64   1763                              0.165163                  0.0             0.086611             0.147333               0.2315                0.746         0.11863
pull_request_review_changes_requested_neg_sentiment_avg             float64   1763                              0.029786                  0.0                  0.0             0.015459             0.039016                0.524         0.04795
pull_request_review_changes_requested_ov_sentiment_avg              float64   1763                              0.185011              -0.5267              0.07075             0.181118             0.294567               0.8591        0.177833
pull_request_review_approved_pos_sentiment_avg_imp                  float64   2460                              0.326709                  0.0             0.165835             0.303305             0.454135                  1.0        0.225304
pull_request_review_approved_neg_sentiment_avg_imp                  float64   2460                              0.012958                  0.0                  0.0                  0.0             0.014524               0.3715        0.032363
pull_request_review_approved_ov_sentiment_avg_imp                   float64   2460                              0.272853              -0.5106             0.158127             0.274971             0.395275               0.7906        0.179646
pull_request_review_changes_requested_pos_sentiment_avg_imp         float64   1763                              0.165163                  0.0             0.086611             0.147333               0.2315                0.746         0.11863
pull_request_review_changes_requested_neg_sentiment_avg_imp         float64   1763                              0.029786                  0.0                  0.0             0.015459             0.039016                0.524         0.04795
pull_request_review_changes_requested_ov_sentiment_avg_imp          float64   1763                              0.185011              -0.5267              0.07075             0.181118             0.294567               0.8591        0.177833
pull_request_review_dismissed_pos_sentiment_avg                     float64    339                               0.18477                  0.0              0.03725                0.161                0.296             0.755333        0.176685
pull_request_review_dismissed_neg_sentiment_avg                     float64    339                              0.021675                  0.0                  0.0                  0.0             0.022219                 0.22        0.042961
pull_request_review_dismissed_ov_sentiment_avg                      float64    339                               0.17822               -0.296                  0.0              0.19765             0.310118               0.8126        0.181703
pull_request_review_dismissed_pos_sentiment_avg_imp                 float64    339                               0.18477                  0.0              0.03725                0.161                0.296             0.755333        0.176685
pull_request_review_dismissed_neg_sentiment_avg_imp                 float64    339                              0.021675                  0.0                  0.0                  0.0             0.022219                 0.22        0.042961
pull_request_review_dismissed_ov_sentiment_avg_imp                  float64    339                               0.17822               -0.296                  0.0              0.19765             0.310118               0.8126        0.181703
pull_request_merged_pos_sentiment_avg                               float64     10                                   0.0                  0.0                  0.0                  0.0                  0.0                  0.0             0.0
pull_request_merged_neg_sentiment_avg                               float64     10                                 0.762                0.524                0.524                0.762                  1.0                  1.0        0.250874
pull_request_merged_ov_sentiment_avg                                float64     10                                -0.296               -0.296               -0.296               -0.296               -0.296               -0.296             0.0
pull_request_merged_pos_sentiment_avg_imp                           float64     10                                   0.0                  0.0                  0.0                  0.0                  0.0                  0.0             0.0
pull_request_merged_neg_sentiment_avg_imp                           float64     10                                 0.762                0.524                0.524                0.762                  1.0                  1.0        0.250874
pull_request_merged_ov_sentiment_avg_imp                            float64     10                                -0.296               -0.296               -0.296               -0.296               -0.296               -0.296             0.0
pull_request_closed_pos_sentiment_avg                               float64      0                                                                                                                                                               
pull_request_closed_neg_sentiment_avg                               float64      0                                                                                                                                                               
pull_request_closed_ov_sentiment_avg                                float64      0                                                                                                                                                               
pull_request_closed_pos_sentiment_avg_imp                           float64      0                                                                                                                                                               
pull_request_closed_neg_sentiment_avg_imp                           float64      0                                                                                                                                                               
pull_request_closed_ov_sentiment_avg_imp                            float64      0                                                                                                                                                               
proj_hhi_pull_request_labeled                                       float64      0                                                                                                                                                               
proj_hhi_pull_request_labeled_imp                                   float64      0                                                                                                                                                               
pull_request_labeled_pos_sentiment_avg                              float64      0                                                                                                                                                               
pull_request_labeled_neg_sentiment_avg                              float64      0                                                                                                                                                               
pull_request_labeled_ov_sentiment_avg                               float64      0                                                                                                                                                               
pull_request_labeled_pos_sentiment_avg_imp                          float64      0                                                                                                                                                               
pull_request_labeled_neg_sentiment_avg_imp                          float64      0                                                                                                                                                               
pull_request_labeled_ov_sentiment_avg_imp                           float64      0                                                                                                                                                               
pull_request_reopened_pos_sentiment_avg                             float64      0                                                                                                                                                               
pull_request_reopened_neg_sentiment_avg                             float64      0                                                                                                                                                               
pull_request_reopened_ov_sentiment_avg                              float64      0                                                                                                                                                               
pull_request_reopened_pos_sentiment_avg_imp                         float64      0                                                                                                                                                               
pull_request_reopened_neg_sentiment_avg_imp                         float64      0                                                                                                                                                               
pull_request_reopened_ov_sentiment_avg_imp                          float64      0                                                                                                                                                               
proj_hhi_issue_labeled                                              float64      0                                                                                                                                                               
later_periods                                                         int64   9646                                   0.0                  0.0                  0.0                  0.0                  0.0                  0.0             0.0
num_departures                                                      float64   9646                              0.249326                  0.0                  0.0                  0.0                  0.0                  1.0        0.432645
treatment_date                                               datetime64[ns]   2405         2021-04-08 13:22:19.708939776  2019-07-01 00:00:00  2020-07-01 00:00:00  2021-01-01 00:00:00  2022-01-01 00:00:00  2022-07-01 00:00:00                
treatment_group                                                     float64   9646                              3.375907                  0.0                  0.0                  0.0                  0.0                 16.0        5.924468
repo_id                                                               int64   9646                          11509.137674                  6.0               6069.0              11344.0              16964.0              22998.0     6296.360438
treatment                                                             int64   9646                              0.141717                  0.0                  0.0                  0.0                  0.0                  1.0        0.348777
quasi_treatment_group                                               float64   9646                             13.367614                 10.0                 12.0                 13.0                 15.0                 16.0        1.718633
quasi_event_time                                                    float64   9646                             -0.723823                -15.0                 -5.0                 -1.0                  4.0                 11.0        5.474293
pull_request_opened                                                   int64   9646                             14.700187                  0.0                  1.0                  3.0                 10.0                667.0       40.377623
pull_request_reviewed                                                 int64   9646                              9.335061                  0.0                  0.0                  2.0                  6.0                546.0        29.76249
pull_request_merged_direct                                            int64   9646                              3.903587                  0.0                  0.0                  0.0                  3.0                265.0       11.992906
pull_request_merged_after_review                                      int64   9646                              6.968381                  0.0                  0.0                  1.0                  4.0                484.0       23.175579
pull_request_merged                                                   int64   9646                             10.871968                  0.0                  0.0                  2.0                  8.0                558.0       30.518904
merge_rate                                                          float64   7740                               0.67595                  0.0                  0.5             0.764706                  1.0                  1.0        0.332063
review_rate                                                         float64   7740                              0.594735                  0.0             0.333333             0.666667             0.971429                  1.0        0.351063
direct_merge_rate                                                   float64   7740                              0.262361                  0.0                  0.0             0.142857                  0.5                  1.0        0.312411
reviewed_merge_rate                                                 float64   6663                              0.690845                  0.0                  0.5                  0.8                  1.0                  1.0        0.337915
collaboration_pc_score                                              float64   9303                              0.032564             -6.01262             -0.80778             0.166452              1.01977             5.584975        1.603397
knowledge_level_pc_score                                            float64   9464                              0.038188            -7.199786            -0.406876             0.369023             0.919196             2.113964        1.326006
discussion_quality_pc_score                                         float64   9646                              0.004829           -12.582867            -0.565125             0.195848             0.854411               3.1571        1.481178
investment_in_new_talent_pc_score                                   float64   9582                             -0.017916             -0.85124            -0.836182            -0.826918             0.502049             4.344211        1.239888
problem_solving_routines_pc_score                                   float64   9646                             -0.031996            -1.237538            -1.068553            -0.619002             0.528756             7.485368        1.458601
collaboration_pc_score_binary                                       float64   9303                              0.506073                  0.0                  0.0                  1.0                  1.0                  1.0         0.49999
knowledge_level_pc_score_binary                                     float64   9464                              0.507713                  0.0                  0.0                  1.0                  1.0                  1.0        0.499967
discussion_quality_pc_score_binary                                  float64   9646                              0.495024                  0.0                  0.0                  0.0                  1.0                  1.0        0.500001
investment_in_new_talent_pc_score_binary                            float64   9582                              0.492068                  0.0                  0.0                  0.0                  1.0                  1.0        0.499963
problem_solving_routines_pc_score_binary                            float64   9646                              0.493676                  0.0                  0.0                  0.0                  1.0                  1.0        0.499986
fold                                                                  Int64   9646                              5.473149                  1.0                  3.0                  5.0                  8.0                 10.0        2.881854

