*** Builder log created: {2026-07-20 16:23:08}
*** Builder log completed: {2026-07-20 16:23:09}
running
  '/Library/Frameworks/R.framework/Versions/4.4-arm64/Resources/bin/R --no-echo --no-restore --no-save --no-restore --file=source/analysis/summ_stats/org_timeline.R'

── Attaching core tidyverse packages ──────────────────────── tidyverse 2.0.0 ──
✔ dplyr     1.2.0     ✔ readr     2.2.0
✔ forcats   1.0.1     ✔ stringr   1.5.1
✔ ggplot2   4.0.2     ✔ tibble    3.3.1
✔ lubridate 1.9.5     ✔ tidyr     1.3.1
✔ purrr     1.0.2     
── Conflicts ────────────────────────────────────────── tidyverse_conflicts() ──
✖ dplyr::filter() masks stats::filter()
✖ dplyr::lag()    masks stats::lag()
ℹ Use the conflicted package (<http://conflicted.r-lib.org/>) to force all conflicts to become errors
Warning messages:
1: package ‘ggplot2’ was built under R version 4.4.3 
2: package ‘tibble’ was built under R version 4.4.3 
3: package ‘readr’ was built under R version 4.4.3 
4: package ‘dplyr’ was built under R version 4.4.3 
5: package ‘lubridate’ was built under R version 4.4.3 

Attaching package: ‘arrow’

The following object is masked from ‘package:lubridate’:

    duration

The following object is masked from ‘package:utils’:

    timestamp

Warning message:
package ‘fs’ was built under R version 4.4.3 

Attaching package: ‘jsonlite’

The following object is masked from ‘package:purrr’:

    flatten

