File: output/analysis/model_prediction/opened_cohort/adaptive/residuals/per_period/important_degree_top3/exact1/nevertreated/leaveoneout_period.parquet

MD5 hash: b12410096d17b2d0e06309ffe9a8f295

Keys: repo_name quasi_event_time 

                                              type  count unique      mean         std          min       25%       50%       75%          max
repo_name                                   object   4932    571                                                                              
quasi_event_time                             int64   4932        -5.267032    3.193462        -15.0      -7.0      -5.0      -3.0         -1.0
is_treated                                    bool   4932      2                                                                              
signed_std_residual_open                   float64   4928         0.134834    1.515543    -6.377995 -0.768117 -0.260536  0.624062    19.287102
signed_std_residual_review                 float64   4895        -0.011942    1.465093    -6.279027 -0.822819 -0.390442  0.433063    28.510198
signed_std_residual_direct_merge           float64   4547         0.459443    2.697909    -4.463651  -0.70033 -0.367212  0.790141    89.593955
signed_std_residual_reviewed_merge         float64   4855          0.02195    1.582297      -6.1265 -0.822305 -0.416295   0.40223    28.510198
signed_std_residual_total_merge            float64   4912         0.162971    1.740962    -6.254617 -0.798346 -0.298649  0.639794    37.144472
squared_std_residual_open                  float64   4928         1.314584   10.182974         -1.0 -0.847616 -0.471107  0.375348   370.992306
squared_std_residual_review                float64   4895           1.1462   14.100432    -0.999999 -0.836418 -0.468849  0.244592   811.831391
squared_std_residual_direct_merge          float64   4547         6.488199  123.347468    -0.999999 -0.816601 -0.485834  0.526221  8026.076726
squared_std_residual_reviewed_merge        float64   4855         1.503629   16.384644    -0.999999 -0.831149 -0.464996   0.27058   811.831391
squared_std_residual_total_merge           float64   3679         2.217652   25.781925         -1.0  -0.87072 -0.491472  0.549993  1378.711792
delta_squared_std_residual_open            float64   3679        -5.530013  122.757319 -3479.951837 -1.643705 -0.267734   0.43431  1332.101628
delta_squared_std_residual_review          float64   3679        -3.004396   44.609081 -1382.042663 -0.590739 -0.022895  0.266818   178.182953
delta_squared_std_residual_direct_merge    float64   3679         6.387713   95.418722  -192.487282 -0.081798  0.020803  0.551504  3040.217725
delta_squared_std_residual_reviewed_merge  float64   3679         4.364348   64.822757    -0.999995 -0.740554 -0.164957  1.403591  1871.816342

