File: output/analysis/model_prediction/opened_cohort/adaptive/residuals/pooled/important_degree_top3/exact1/nevertreated/leaveoneout_period.parquet

MD5 hash: eec8fe502aefaa396f91b1bcd15bfc2d

Keys: repo_name quasi_event_time 

                                              type  count unique      mean         std           min       25%       50%       75%          max
repo_name                                   object   4932    571                                                                               
quasi_event_time                             int64   4932        -5.267032    3.193462         -15.0      -7.0      -5.0      -3.0         -1.0
is_treated                                    bool   4932      2                                                                               
signed_std_residual_open                   float64   4928         0.134554    1.515962     -6.631552 -0.765735 -0.256766  0.625121    20.340308
signed_std_residual_review                 float64   4895        -0.007388    1.435057      -6.54031 -0.816474 -0.371565  0.434322    22.111198
signed_std_residual_direct_merge           float64   4547         0.381226    2.399003     -4.466784 -0.700951 -0.380115  0.719703    66.762601
signed_std_residual_reviewed_merge         float64   4855         -0.00171    1.508235     -6.508444 -0.812511 -0.416932  0.407986    22.111198
signed_std_residual_total_merge            float64   4912         0.128466    1.643616     -6.625067 -0.801745 -0.324212  0.605779    26.306735
squared_std_residual_open                  float64   4928         1.315778   10.462885          -1.0 -0.851237 -0.469816  0.370682   412.728131
squared_std_residual_review                float64   4895         1.059024   10.993908          -1.0 -0.844406 -0.469223  0.245407   487.905057
squared_std_residual_direct_merge          float64   4547         4.899281   73.778806          -1.0  -0.80825 -0.503538  0.440444  4456.244898
squared_std_residual_reviewed_merge        float64   4855         1.274307   13.005339          -1.0 -0.828527  -0.46954  0.253376   487.905057
squared_std_residual_total_merge           float64   3679         1.826134   16.330109          -1.0 -0.867185 -0.501739  0.503715   691.044306
delta_squared_std_residual_open            float64   3679         -6.94023  203.008553 -10904.785887 -1.667072 -0.252542  0.436236   678.287356
delta_squared_std_residual_review          float64   3679        -2.703841   40.142337  -1286.599111 -0.546283 -0.024457  0.285917   262.995562
delta_squared_std_residual_direct_merge    float64   3679         6.005562   87.550724   -245.731199 -0.086532  0.022242  0.553893  3521.703261
delta_squared_std_residual_reviewed_merge  float64   3679         5.464643  144.653517     -0.999994 -0.734376 -0.188114  1.213173  8036.805983

